-- This file and its contents are licensed under the Timescale License.
-- Please see the included NOTICE for copyright information and
-- LICENSE-TIMESCALE for a copy of the license.
-- Test for DDL-like functionality
\c :TEST_DBNAME :ROLE_SUPERUSER
CREATE OR REPLACE FUNCTION insert_job(
       application_name NAME,
       job_type NAME,
       schedule_interval INTERVAL,
       max_runtime INTERVAL,
       retry_period INTERVAL,
       owner regrole DEFAULT CURRENT_ROLE::regrole,
       scheduled BOOL DEFAULT true,
       fixed_schedule BOOL DEFAULT false
) RETURNS INT LANGUAGE SQL SECURITY DEFINER AS
$$
  INSERT INTO _timescaledb_config.bgw_job(application_name,schedule_interval,max_runtime,max_retries,
  retry_period,proc_name,proc_schema,owner,scheduled,fixed_schedule)
  VALUES($1,$3,$4,5,$5,$2,'public',$6,$7,$8) RETURNING id;
$$;
CREATE USER another_user;
SET ROLE another_user;
SELECT insert_job('another_one', 'bgw_test_job_1', INTERVAL '100ms', INTERVAL '100s', INTERVAL '1s') AS job_id \gset
SELECT proc_name, owner FROM _timescaledb_config.bgw_job WHERE id = :job_id;
   proc_name    |    owner     
----------------+--------------
 bgw_test_job_1 | another_user
(1 row)

-- Test that reassigning to another user privileges does not work for
-- a normal user. We test both users with superuser privileges and
-- default permissions.
\set ON_ERROR_STOP 0
REASSIGN OWNED BY another_user TO :ROLE_CLUSTER_SUPERUSER;
ERROR:  permission denied to reassign objects
REASSIGN OWNED BY another_user TO :ROLE_DEFAULT_PERM_USER;
ERROR:  permission denied to reassign objects
\set ON_ERROR_STOP 1
RESET ROLE;
-- Test that renaming a user changes keeps the job assigned to that user.
ALTER USER another_user RENAME TO renamed_user;
SELECT proc_name, owner FROM _timescaledb_config.bgw_job WHERE id = :job_id;
   proc_name    |    owner     
----------------+--------------
 bgw_test_job_1 | renamed_user
(1 row)

\set VERBOSITY default
\set ON_ERROR_STOP 0
-- Test that dropping a user owning a job fails.
DROP USER renamed_user;
ERROR:  role "renamed_user" cannot be dropped because some objects depend on it
DETAIL:  owner of job 1000
SELECT proc_name, owner FROM _timescaledb_config.bgw_job WHERE id = :job_id;
   proc_name    |    owner     
----------------+--------------
 bgw_test_job_1 | renamed_user
(1 row)

-- Test that re-assigning objects owned by an unknown user still fails
REASSIGN OWNED BY renamed_user, unknown_user TO :ROLE_DEFAULT_PERM_USER;
ERROR:  role "unknown_user" does not exist
SELECT proc_name, owner FROM _timescaledb_config.bgw_job WHERE id = :job_id;
   proc_name    |    owner     
----------------+--------------
 bgw_test_job_1 | renamed_user
(1 row)

\set ON_ERROR_STOP 1
-- Test that reassigning the owned job actually changes the owner of
-- the job.
START TRANSACTION;
REASSIGN OWNED BY renamed_user TO :ROLE_DEFAULT_PERM_USER;
SELECT proc_name, owner FROM _timescaledb_config.bgw_job WHERE id = :job_id;
   proc_name    |       owner       
----------------+-------------------
 bgw_test_job_1 | default_perm_user
(1 row)

ROLLBACK;
-- Test that reassigning to postgres works
REASSIGN OWNED BY renamed_user TO :ROLE_CLUSTER_SUPERUSER;
SELECT proc_name, owner FROM _timescaledb_config.bgw_job WHERE id = :job_id;
   proc_name    |       owner        
----------------+--------------------
 bgw_test_job_1 | cluster_super_user
(1 row)

-- Dropping the user now should work.
DROP USER renamed_user;
DELETE FROM _timescaledb_config.bgw_job WHERE id = :job_id;
