-- This file and its contents are licensed under the Timescale License.
-- Please see the included NOTICE for copyright information and
-- LICENSE-TIMESCALE for a copy of the license.
\c :TEST_DBNAME :ROLE_SUPERUSER;
SHOW timescaledb.license;
 timescaledb.license 
---------------------
 timescale

SELECT _timescaledb_functions.tsl_loaded();
 tsl_loaded 
------------
 t

